// Jest Snapshot v1, https://goo.gl/fbAQLP

exports[`should render correctly 1`] = `
<ul
  className="board"
>
  <ul>
    <li
      className="card"
      onClick={[Function]}
    >
      <span
        className="icons-undefined color-testColor icon-undefined"
      />
      <span
        className="pattern"
      >
        testPattern
      </span>
    </li>
  </ul>
</ul>
`;
